---
source: tests/golden_tests.rs
input_file: tests/golden_tests/cli/desugar_merge.bend
---
[4m[1m[33mWarnings:[0m
[1mIn [4mtests/golden_tests/cli/desugar_merge.bend[0m[1m :[0m
[1mIn definition '[4mZ[0m[1m':[0m
  Definition is unused.

unchecked F__M_Z: _
(F__M_Z) = Î»* Î»a a

unchecked main: Any
(main) = Î»* Î»a a
