---
source: tests/golden_tests.rs
input_file: tests/golden_tests/compile_core/just_data.hvm
---
[4m[1m[31mErrors:[0m
In tests/golden_tests/compile_core/just_data.hvm :
[1m- expected:[0m datatype name
[1m- detected:[0m end of input
[0m 1 | data[4m[31m [0m
