---
source: tests/golden_tests.rs
input_file: tests/golden_tests/compile_core_o_all/linearize_match.hvm
---
@main = (?(((a a) @main__C0) b) b)

@main__C0 = ($(:[+] $(a b)) (a b))
