---
source: tests/golden_tests.rs
input_file: tests/golden_tests/compile_core/missing_pat.hvm
---
[4m[1m[31mErrors:[0m
In tests/golden_tests/compile_core/missing_pat.hvm :
[1m- expected:[0m name or '*'
[1m- detected:[0m
[0m  2 |   [4m[31m:[0m *[0m
