---
source: tests/golden_tests.rs
input_file: tests/golden_tests/compile_core/names_starting_with_keywords.hvm
---
@A = (a a)

@B = (a a)

@C = (a a)

@D = (a a)

@E = (a a)

@main = *
