---
source: tests/golden_tests.rs
input_file: tests/golden_tests/parse_file/tab.bend
---
[4m[1m[31mErrors:[0m
[1mIn [4mtests/golden_tests/parse_file/tab.bend[0m[1m :[0m
Tabs are not accepted for indentation.
Location:
[0m  2 | [4m[31m	[0mx = 2[0m
