---
source: tests/golden_tests.rs
input_file: tests/golden_tests/parse_file/tuple_need_parens.bend
---
unchecked main: Any
(main) = switch %pred = (1, 2) { 0: (String/Cons 104 (String/Cons 109 (String/Cons 109 (String/Cons 109 String/Nil)))); _ %pred-1: (String/Cons 110 (String/Cons 111 (String/Cons 116 String/Nil))); }

String/Nil: String
(String/Nil) = 位%x (%x String/Nil/tag)

String/Cons: (u24 -> String -> String)
(String/Cons) = 位head 位tail 位%x (%x String/Cons/tag head tail)

String/Nil/tag: u24
(String/Nil/tag) = 0

String/Cons/tag: u24
(String/Cons/tag) = 1
