---
source: tests/golden_tests.rs
input_file: tests/golden_tests/run_core/names_hyphen_toplevel.hvm
---
Î»a (a fun-with-hyphen)
