---
source: tests/golden_tests.rs
input_file: tests/golden_tests/run_core/match_mult_linearization.hvm
---
[4m[1m[33mWarnings:[0m
[1mDuring readback:[0m
  Invalid Numeric Match.

Î»a switch a = a { 0: Î»a Î»b Î»c (+ (+ a b) c); _: Î»a Î»b Î»c Î»d (+ (+ (+ a b) c) d); }
