---
source: tests/golden_tests.rs
input_file: tests/golden_tests/run_core/radix_sort_ctr.hvm
---
120
