---
source: tests/golden_tests.rs
input_file: tests/golden_tests/run_core/list_to_tree.hvm
---
{{1 2} {3 {4 5}}}
