---
source: tests/golden_tests.rs
input_file: tests/golden_tests/run_core/and.hvm
---
false
